2025/10/09 11:34:01,読み込み成功: HA-L-F2-51
2025/10/09 11:34:29,読み込み成功: HA-L-F2-51
2025/10/14 09:30:31,読み込み成功: HA-L-F2-51
2025/10/14 09:33:54,読み込み成功: HA-L-F2-51
2025/10/14 09:35:07,読み込み成功: HA-L-F2-51
2025/10/14 09:35:38,読み込み成功: HA-L-F2-51
2025/10/14 09:35:50,読み込み成功: HA-L-F2-51
2025/10/14 09:36:04,読み込み成功: HA-L-F2-51
2025/10/14 09:36:42,読み込み成功: HA-L-F2-51
2025/10/14 09:37:12,読み込み成功: HA-L-F2-51
2025/10/14 09:39:01,読み込み成功: HA-L-F2-51
2025/10/14 09:39:30,読み込み成功: HA-L-F2-51
2025/10/14 09:40:01,読み込み成功: HA-L-F2-51
2025/10/14 09:40:14,読み込み成功: HA-L-F2-51
2025/10/14 09:40:52,読み込み成功: HA-L-F2-51
2025/10/14 09:42:22,読み込み成功: HA-L-F2-51
2025/10/14 09:43:55,読み込み成功: HA-L-F2-51
2025/10/14 09:44:18,読み込み成功: HA-L-F2-51
2025/10/14 09:44:38,読み込み成功: HA-L-F2-51
2025/10/14 09:44:54,読み込み成功: HA-L-F2-51
2025/10/14 09:45:24,読み込み成功: HA-L-F2-51
2025/10/14 09:45:41,読み込み成功: HA-L-F2-51
2025/10/14 09:45:59,読み込み成功: HA-L-F2-51
2025/10/14 09:46:50,読み込み成功: HA-L-F2-51
2025/10/14 09:48:04,読み込み成功: HA-L-F2-51
2025/10/14 09:48:18,読み込み成功: HA-L-F2-51
2025/10/14 09:48:37,読み込み成功: HA-L-F2-51
2025/10/14 09:48:48,読み込み成功: HA-L-F2-51
2025/10/14 09:49:29,読み込み成功: HA-L-F2-51
2025/10/14 10:04:29,読み込み成功: HA-L-F2-51
2025/10/14 10:06:03,読み込み成功: HA-L-F2-51
2025/10/14 10:06:13,読み込み成功: HA-L-F2-51
2025/10/14 10:06:37,読み込み成功: HA-L-F2-51
2025/10/14 10:16:10,読み込み成功: HA-L-F2-51
2025/10/14 10:16:25,読み込み成功: HA-L-F2-51
2025/10/14 10:16:53,読み込み成功: HA-L-F2-51
2025/10/14 10:17:48,読み込み成功: HA-L-F2-51
2025/10/14 10:18:04,読み込み成功: HA-L-F2-51
2025/10/14 10:18:55,読み込み成功: HA-L-F2-51
2025/10/14 10:19:09,読み込み成功: HA-L-F2-51
2025/10/14 10:20:01,読み込み成功: HA-L-F2-51
2025/10/14 10:21:00,読み込み成功: HA-L-F2-51
2025/10/14 10:22:56,読み込み成功: HA-L-F2-51
2025/10/14 10:23:48,読み込み成功: HA-L-F2-51
2025/10/14 10:24:12,読み込み成功: HA-L-F2-51
2025/10/14 10:26:23,読み込み成功: HA-L-F2-51
2025/10/14 10:38:12,読み込み成功: HA-L-F2-51
2025/10/14 10:40:36,読み込み成功: HA-L-F2-51
2025/10/14 10:45:43,読み込み成功: HA-L-F2-51
2025/10/14 10:46:55,読み込み成功: HA-L-F2-51
2025/10/14 10:57:13,読み込み失敗: HA-L-F2-51
2025/10/14 10:57:13,java.lang.NullPointerException: Cannot invoke "bean.Vector2Int.set(int, int)" because "this.paintPosition" is null
2025/10/14 10:58:19,読み込み成功: HA-L-F2-51
2025/10/14 10:58:56,読み込み成功: HA-L-F2-51
2025/10/14 10:59:26,読み込み成功: HA-L-F2-51
2025/10/14 11:01:20,読み込み成功: HA-L-F2-51
2025/10/14 11:01:30,読み込み成功: HA-L-F2-51
2025/10/14 11:01:56,読み込み成功: HA-L-F2-51
2025/10/14 11:02:56,読み込み成功: HA-L-F2-51
2025/10/14 11:04:02,読み込み成功: HA-L-F2-51
2025/10/14 11:04:51,読み込み成功: HA-L-F2-51
2025/10/14 11:06:58,読み込み成功: HA-L-F2-51
2025/10/14 11:07:13,読み込み成功: HA-L-F2-51
2025/10/14 11:09:10,読み込み成功: HA-L-F2-51
2025/10/14 11:09:44,読み込み成功: HA-L-F2-51
2025/10/14 11:10:15,読み込み成功: HA-L-F2-51
2025/10/14 11:12:12,読み込み成功: HA-L-F2-51
2025/10/14 11:12:32,読み込み成功: HA-L-F2-51
2025/10/14 11:15:17,読み込み成功: HA-L-F2-51
2025/10/14 11:15:32,読み込み成功: HA-L-F2-51
2025/10/14 11:15:46,読み込み成功: HA-L-F2-51
2025/10/14 11:15:59,読み込み成功: HA-L-F2-51
2025/10/14 11:16:07,読み込み成功: HA-L-F2-51
2025/10/14 11:16:48,読み込み成功: HA-L-F2-51
2025/10/14 11:17:53,読み込み成功: HA-L-F2-51
2025/10/14 11:18:00,読み込み成功: HA-L-F2-51
2025/10/14 11:19:06,読み込み成功: HA-L-F2-51
2025/10/14 11:19:26,読み込み成功: HA-L-F2-51
2025/10/14 11:19:59,読み込み成功: HA-L-F2-51
2025/10/14 11:20:04,読み込み成功: HA-L-F2-51
2025/10/14 11:22:09,読み込み成功: HA-L-F2-51
2025/10/14 11:22:18,読み込み成功: HA-L-F2-51
2025/10/14 11:23:23,読み込み成功: HA-L-F2-51
2025/10/14 11:24:39,読み込み成功: HA-L-F2-51
2025/10/14 11:25:11,読み込み成功: HA-L-F2-51
2025/10/14 11:25:35,読み込み成功: HA-L-F2-51
2025/10/14 11:26:14,読み込み成功: HA-L-F2-51
2025/10/14 11:26:28,読み込み成功: HA-L-F2-51
2025/10/14 11:26:41,読み込み成功: HA-L-F2-51
2025/10/14 11:28:01,読み込み成功: HA-L-F2-51
2025/10/14 11:28:36,読み込み成功: HA-L-F2-51
2025/10/14 11:29:51,読み込み成功: HA-L-F2-51
2025/10/14 11:31:30,読み込み成功: HA-L-F2-51
2025/10/14 11:32:10,読み込み成功: HA-L-F2-51
2025/10/14 11:32:24,読み込み成功: HA-L-F2-51
2025/10/14 11:34:44,読み込み成功: HA-L-F2-51
2025/10/14 11:41:10,読み込み成功: HA-L-F2-51
2025/10/14 11:42:08,読み込み成功: HA-L-F2-51
2025/10/14 11:42:55,読み込み成功: HA-L-F2-51
2025/10/14 11:44:02,読み込み成功: HA-L-F2-51
2025/10/14 11:44:24,読み込み成功: HA-L-F2-51
2025/10/14 11:45:39,読み込み成功: HA-L-F2-51
2025/10/14 11:45:59,読み込み成功: HA-L-F2-51
2025/10/14 11:47:30,読み込み成功: HA-L-F2-51
2025/10/14 12:52:05,読み込み成功: HA-L-F2-51
2025/10/14 12:53:52,読み込み成功: HA-L-F2-51
2025/10/14 12:55:39,読み込み成功: HA-L-F2-51
2025/10/14 12:56:04,読み込み成功: HA-L-F2-51
2025/10/14 12:56:21,読み込み成功: HA-L-F2-51
2025/10/14 13:02:15,読み込み成功: HA-L-F2-51
2025/10/14 13:03:12,読み込み成功: HA-L-F2-51
2025/10/14 13:03:28,読み込み成功: HA-L-F2-51
2025/10/14 13:03:48,読み込み成功: HA-L-F2-51
2025/10/14 13:04:15,読み込み成功: HA-L-F2-51
2025/10/14 13:05:29,読み込み成功: HA-L-F2-51
2025/10/14 13:08:49,読み込み成功: HA-L-F2-51
2025/10/14 13:10:41,読み込み成功: HA-L-F2-51
2025/10/14 13:10:59,読み込み成功: HA-L-F2-51
2025/10/14 13:13:36,読み込み成功: HA-L-F2-51
2025/10/14 13:15:51,読み込み成功: HA-L-F2-51
2025/10/14 13:16:02,読み込み成功: HA-L-F2-51
2025/10/14 13:18:44,読み込み成功: HA-L-F2-51
2025/10/14 13:21:55,読み込み成功: HA-L-F2-51
2025/10/14 13:23:01,読み込み成功: HA-L-F2-51
2025/10/14 14:06:09,読み込み成功: HA-L-F2-51
2025/10/14 14:10:14,読み込み成功: HA-L-F2-51
2025/10/14 14:10:18,データを保存しました: C:\Users\3030915\Ikagaka\save
2025/10/14 14:10:24,読み込み成功: HA-L-F2-51
2025/10/14 14:10:40,読み込み成功: HA-L-F2-51
2025/10/14 14:10:43,データを保存しました: C:\Users\3030915\Ikagaka\save
2025/10/14 14:16:15,読み込み成功: HA-L-F2-51
2025/10/14 14:16:18,データを保存しました: C:\Users\3030915\AppData\Local\Ikagaka\save
2025/10/14 14:16:38,読み込み成功: HA-L-F2-51
2025/10/14 14:18:24,読み込み成功: HA-L-F2-51
2025/10/14 14:18:25,読み込み成功:HALF251
2025/10/14 14:18:32,データを保存しました: C:\Users\3030915\AppData\Local\Ikagaka\save
2025/10/14 14:20:32,読み込み成功: 1級フィクサー ドンファン
2025/10/14 14:20:32,読み込み成功: HA-L-F2-51
2025/10/14 14:20:32,読み込み成功:HALF251
2025/10/14 14:20:45,データを保存しました: C:\Users\3030915\AppData\Local\Ikagaka\save
2025/10/14 14:20:50,読み込み成功: 1級フィクサー ドンファン
2025/10/14 14:20:50,読み込み成功: HA-L-F2-51
2025/10/14 14:20:50,読み込み成功:Donghwan
2025/10/14 14:21:39,データを保存しました: C:\Users\3030915\AppData\Local\Ikagaka\save
2025/10/14 14:23:05,読み込み成功: 1級フィクサー ドンファン
2025/10/14 14:23:05,読み込み成功: HA-L-F2-51
2025/10/14 14:23:05,読み込み成功:Donghwan
2025/10/14 14:23:38,データを保存しました: C:\Users\3030915\AppData\Local\Ikagaka\save
2025/10/14 14:23:41,読み込み成功: 1級フィクサー ドンファン
2025/10/14 14:23:41,読み込み成功: HA-L-F2-51
2025/10/14 14:23:41,読み込み成功:Donghwan
2025/10/14 14:23:46,データを保存しました: C:\Users\3030915\AppData\Local\Ikagaka\save
2025/10/14 14:23:48,読み込み成功: 1級フィクサー ドンファン
2025/10/14 14:23:48,読み込み成功: HA-L-F2-51
2025/10/14 14:23:48,読み込み成功:Donghwan
2025/10/14 14:24:00,データを保存しました: C:\Users\3030915\AppData\Local\Ikagaka\save
2025/10/14 14:24:03,読み込み成功: 1級フィクサー ドンファン
2025/10/14 14:24:03,読み込み成功: HA-L-F2-51
2025/10/14 14:24:03,読み込み成功:Donghwan
2025/10/14 14:24:12,データを保存しました: C:\Users\3030915\AppData\Local\Ikagaka\save
2025/10/14 14:24:16,読み込み成功: 1級フィクサー ドンファン
2025/10/14 14:24:16,読み込み成功: HA-L-F2-51
2025/10/14 14:24:16,読み込み成功:Donghwan
2025/10/14 14:24:22,データを保存しました: C:\Users\3030915\AppData\Local\Ikagaka\save
2025/10/14 14:27:24,読み込み成功: 1級フィクサー ドンファン
2025/10/14 14:27:24,読み込み成功: HA-L-F2-51
2025/10/14 14:27:25,読み込み成功:Donghwan
2025/10/14 14:27:33,データを保存しました: C:\Users\3030915\AppData\Local\Ikagaka\save
2025/10/14 14:27:35,読み込み成功: 1級フィクサー ドンファン
2025/10/14 14:27:36,読み込み成功: HA-L-F2-51
2025/10/14 14:27:36,読み込み成功:HALF251
2025/10/14 14:27:42,データを保存しました: C:\Users\3030915\AppData\Local\Ikagaka\save
2025/10/14 14:27:43,読み込み成功: 1級フィクサー ドンファン
2025/10/14 14:27:44,読み込み成功: HA-L-F2-51
2025/10/14 14:27:44,読み込み成功:HALF251
2025/10/14 14:27:57,データを保存しました: C:\Users\3030915\AppData\Local\Ikagaka\save
2025/10/14 14:27:59,読み込み成功: 1級フィクサー ドンファン
2025/10/14 14:27:59,読み込み成功: HA-L-F2-51
2025/10/14 14:27:59,読み込み成功:HALF251
2025/10/14 14:28:02,データを保存しました: C:\Users\3030915\AppData\Local\Ikagaka\save
2025/10/14 14:30:04,読み込み成功: 1級フィクサー ドンファン
2025/10/14 14:30:05,読み込み成功: HA-L-F2-51
2025/10/14 14:30:05,packageIdを読み込みました:HALF251
2025/10/14 14:30:15,packageIdを保存しました: HALF251:C:\Users\3030915\AppData\Local\Ikagaka\save
2025/10/14 14:30:38,読み込み成功: 1級フィクサー ドンファン
2025/10/14 14:30:38,読み込み成功: HA-L-F2-51
2025/10/14 14:30:38,packageIdを読み込みました:HALF251
2025/10/14 14:30:47,packageIdを保存しました: Donghwan:C:\Users\3030915\AppData\Local\Ikagaka\save
2025/10/14 14:30:51,読み込み成功: 1級フィクサー ドンファン
2025/10/14 14:30:51,読み込み成功: HA-L-F2-51
2025/10/14 14:30:51,packageIdを読み込みました:Donghwan
2025/10/14 14:30:54,packageIdを保存しました: Donghwan:C:\Users\3030915\AppData\Local\Ikagaka\save
2025/10/14 14:31:00,読み込み成功: HA-L-F2-51
2025/10/14 14:31:00,packageIdを読み込みました:Donghwan
2025/10/14 14:31:33,packageIdを保存しました: HALF251:C:\Users\3030915\AppData\Local\Ikagaka\save
2025/10/14 14:31:39,読み込み成功: HA-L-F2-51
2025/10/14 14:31:39,packageIdを読み込みました:HALF251
2025/10/14 14:31:43,packageIdを保存しました: HALF251:C:\Users\3030915\AppData\Local\Ikagaka\save
